
=== HUCRE 1: sigma=2.0 top-k=120 dolgu=(-3.0, 84.0) | shard 1/1, 30 tohum ===

=== HUCRE 5: sigma=3.0 top-k=120 dolgu=(-3.0, 84.0) | shard 1/1, 30 tohum ===

=== HUCRE 4: sigma=3.0 top-k=80 dolgu=(-3.0, 84.0) | shard 1/1, 30 tohum ===

=== HUCRE 0: sigma=2.0 top-k=80 dolgu=(-3.0, 84.0) | shard 1/1, 30 tohum ===

=== HUCRE 2: sigma=2.5 top-k=80 dolgu=(-3.0, 84.0) | shard 1/1, 30 tohum ===

=== HUCRE 6: sigma=4.0 top-k=80 dolgu=(-3.0, 84.0) | shard 1/1, 30 tohum ===

=== HUCRE 3: sigma=2.5 top-k=120 dolgu=(-3.0, 84.0) | shard 1/1, 30 tohum ===

=== HUCRE 7: sigma=4.0 top-k=120 dolgu=(-3.0, 84.0) | shard 1/1, 30 tohum ===
  [s0] tohum  0: acc=0.0122 tam=0 cakisma=0 rank=163 tasma(NaN)=1 (21s)
  [s0] tohum  0: acc=0.9939 tam=0 cakisma=2 rank=156 tasma(NaN)=0 (22s)
  [s0] tohum  0: acc=0.0122 tam=0 cakisma=2 rank=160 tasma(NaN)=1 (23s)
  [s0] tohum  0: acc=0.0122 tam=0 cakisma=0 rank=159 tasma(NaN)=1 (23s)
  [s0] tohum  0: acc=1.0000 tam=1 cakisma=0 rank=161 tasma(NaN)=0 (24s)
  [s0] tohum  0: acc=0.9939 tam=0 cakisma=2 rank=154 tasma(NaN)=0 (24s)
  [s0] tohum  0: acc=1.0000 tam=1 cakisma=0 rank=158 tasma(NaN)=0 (24s)
  [s0] tohum  0: acc=0.0122 tam=0 cakisma=0 rank=159 tasma(NaN)=1 (24s)
  [s0] tohum  1: acc=0.0122 tam=0 cakisma=0 rank=164 tasma(NaN)=1 (24s)
  [s0] tohum  1: acc=0.0122 tam=0 cakisma=0 rank=164 tasma(NaN)=1 (25s)
  [s0] tohum  1: acc=0.9878 tam=0 cakisma=4 rank=162 tasma(NaN)=0 (25s)
  [s0] tohum  1: acc=1.0000 tam=1 cakisma=0 rank=164 tasma(NaN)=0 (27s)
  [s0] tohum  1: acc=0.0122 tam=0 cakisma=2 rank=163 tasma(NaN)=1 (27s)
  [s0] tohum  1: acc=1.0000 tam=1 cakisma=0 rank=164 tasma(NaN)=0 (27s)
  [s0] tohum  1: acc=0.0122 tam=0 cakisma=0 rank=164 tasma(NaN)=1 (29s)
  [s0] tohum  1: acc=1.0000 tam=1 cakisma=0 rank=163 tasma(NaN)=0 (28s)
  [s0] tohum  2: acc=0.0122 tam=0 cakisma=2 rank=163 tasma(NaN)=1 (27s)
  [s0] tohum  2: acc=0.9939 tam=0 cakisma=2 rank=163 tasma(NaN)=0 (26s)
  [s0] tohum  2: acc=0.0122 tam=0 cakisma=2 rank=162 tasma(NaN)=1 (27s)
  [s0] tohum  2: acc=1.0000 tam=1 cakisma=0 rank=164 tasma(NaN)=0 (25s)
  [s0] tohum  2: acc=1.0000 tam=1 cakisma=0 rank=164 tasma(NaN)=0 (26s)
  [s0] tohum  2: acc=0.9939 tam=0 cakisma=2 rank=163 tasma(NaN)=0 (26s)
  [s0] tohum  2: acc=0.0122 tam=0 cakisma=2 rank=162 tasma(NaN)=1 (28s)
  [s0] tohum  2: acc=0.0122 tam=0 cakisma=0 rank=161 tasma(NaN)=1 (29s)
  [s0] tohum  3: acc=0.0122 tam=0 cakisma=0 rank=162 tasma(NaN)=1 (27s)
  [s0] tohum  3: acc=1.0000 tam=1 cakisma=0 rank=163 tasma(NaN)=0 (26s)
  [s0] tohum  3: acc=1.0000 tam=1 cakisma=0 rank=163 tasma(NaN)=0 (25s)
  [s0] tohum  3: acc=0.0122 tam=0 cakisma=0 rank=164 tasma(NaN)=1 (27s)
  [s0] tohum  3: acc=0.0122 tam=0 cakisma=0 rank=164 tasma(NaN)=1 (24s)
  [s0] tohum  3: acc=1.0000 tam=1 cakisma=0 rank=164 tasma(NaN)=0 (27s)
  [s0] tohum  3: acc=0.0122 tam=0 cakisma=0 rank=164 tasma(NaN)=1 (27s)
  [s0] tohum  3: acc=1.0000 tam=1 cakisma=0 rank=164 tasma(NaN)=0 (29s)
  [s0] tohum  4: acc=0.0122 tam=0 cakisma=0 rank=164 tasma(NaN)=1 (25s)
  [s0] tohum  4: acc=1.0000 tam=1 cakisma=0 rank=164 tasma(NaN)=0 (24s)
  [s0] tohum  4: acc=1.0000 tam=1 cakisma=0 rank=164 tasma(NaN)=0 (28s)
  [s0] tohum  4: acc=0.0122 tam=0 cakisma=0 rank=164 tasma(NaN)=1 (24s)
  [s0] tohum  4: acc=0.0122 tam=0 cakisma=0 rank=164 tasma(NaN)=1 (28s)
  [s0] tohum  4: acc=1.0000 tam=1 cakisma=0 rank=164 tasma(NaN)=0 (27s)
  [s0] tohum  4: acc=1.0000 tam=1 cakisma=0 rank=162 tasma(NaN)=0 (27s)
  [s0] tohum  4: acc=0.0122 tam=0 cakisma=0 rank=164 tasma(NaN)=1 (28s)
  [s0] tohum  5: acc=0.0122 tam=0 cakisma=0 rank=163 tasma(NaN)=1 (25s)
  [s0] tohum  5: acc=1.0000 tam=1 cakisma=0 rank=164 tasma(NaN)=0 (27s)
  [s0] tohum  5: acc=0.0122 tam=0 cakisma=0 rank=164 tasma(NaN)=1 (27s)
  [s0] tohum  5: acc=1.0000 tam=1 cakisma=0 rank=164 tasma(NaN)=0 (25s)
  [s0] tohum  5: acc=0.0122 tam=0 cakisma=0 rank=164 tasma(NaN)=1 (23s)
  [s0] tohum  5: acc=0.0122 tam=0 cakisma=0 rank=163 tasma(NaN)=1 (29s)
  [s0] tohum  5: acc=1.0000 tam=1 cakisma=0 rank=160 tasma(NaN)=0 (30s)
  [s0] tohum  5: acc=1.0000 tam=1 cakisma=0 rank=156 tasma(NaN)=0 (26s)
  [s0] tohum  6: acc=1.0000 tam=1 cakisma=0 rank=164 tasma(NaN)=0 (23s)
  [s0] tohum  6: acc=0.0122 tam=0 cakisma=2 rank=160 tasma(NaN)=1 (28s)
  [s0] tohum  6: acc=0.0122 tam=0 cakisma=0 rank=163 tasma(NaN)=1 (26s)
  [s0] tohum  6: acc=1.0000 tam=1 cakisma=0 rank=164 tasma(NaN)=0 (25s)
  [s0] tohum  6: acc=0.0122 tam=0 cakisma=0 rank=163 tasma(NaN)=1 (26s)
  [s0] tohum  6: acc=1.0000 tam=1 cakisma=0 rank=162 tasma(NaN)=0 (26s)
  [s0] tohum  6: acc=0.0122 tam=0 cakisma=2 rank=162 tasma(NaN)=1 (28s)
  [s0] tohum  6: acc=0.9939 tam=0 cakisma=2 rank=163 tasma(NaN)=0 (29s)
  [s0] tohum  7: acc=1.0000 tam=1 cakisma=0 rank=164 tasma(NaN)=0 (27s)
  [s0] tohum  7: acc=0.0122 tam=0 cakisma=0 rank=164 tasma(NaN)=1 (26s)
  [s0] tohum  7: acc=0.0122 tam=0 cakisma=0 rank=164 tasma(NaN)=1 (30s)
  [s0] tohum  7: acc=1.0000 tam=1 cakisma=0 rank=163 tasma(NaN)=0 (27s)
  [s0] tohum  7: acc=1.0000 tam=1 cakisma=0 rank=164 tasma(NaN)=0 (26s)
  [s0] tohum  7: acc=0.0122 tam=0 cakisma=0 rank=164 tasma(NaN)=1 (29s)
  [s0] tohum  7: acc=0.0122 tam=0 cakisma=0 rank=164 tasma(NaN)=1 (29s)
  [s0] tohum  7: acc=1.0000 tam=1 cakisma=0 rank=162 tasma(NaN)=0 (26s)
  [s0] tohum  8: acc=1.0000 tam=1 cakisma=0 rank=164 tasma(NaN)=0 (28s)
  [s0] tohum  8: acc=0.0122 tam=0 cakisma=0 rank=163 tasma(NaN)=1 (23s)
  [s0] tohum  8: acc=0.0122 tam=0 cakisma=0 rank=163 tasma(NaN)=1 (24s)
  [s0] tohum  8: acc=0.9939 tam=0 cakisma=2 rank=163 tasma(NaN)=0 (26s)
  [s0] tohum  8: acc=1.0000 tam=1 cakisma=0 rank=164 tasma(NaN)=0 (24s)
  [s0] tohum  8: acc=0.9939 tam=0 cakisma=2 rank=163 tasma(NaN)=0 (31s)
  [s0] tohum  8: acc=0.0122 tam=0 cakisma=0 rank=164 tasma(NaN)=1 (28s)
  [s0] tohum  8: acc=0.0122 tam=0 cakisma=0 rank=162 tasma(NaN)=1 (31s)
  [s0] tohum  9: acc=1.0000 tam=1 cakisma=0 rank=164 tasma(NaN)=0 (23s)
  [s0] tohum  9: acc=0.0122 tam=0 cakisma=0 rank=164 tasma(NaN)=1 (26s)
  [s0] tohum  9: acc=1.0000 tam=1 cakisma=0 rank=164 tasma(NaN)=0 (23s)
  [s0] tohum  9: acc=0.0122 tam=0 cakisma=0 rank=161 tasma(NaN)=1 (27s)
  [s0] tohum  9: acc=1.0000 tam=1 cakisma=0 rank=157 tasma(NaN)=0 (27s)
  [s0] tohum  9: acc=1.0000 tam=1 cakisma=0 rank=163 tasma(NaN)=0 (27s)
  [s0] tohum  9: acc=0.0122 tam=0 cakisma=0 rank=164 tasma(NaN)=1 (26s)
  [s0] tohum  9: acc=0.0122 tam=0 cakisma=0 rank=164 tasma(NaN)=1 (25s)
  [s0] tohum 10: acc=1.0000 tam=1 cakisma=0 rank=164 tasma(NaN)=0 (28s)
  [s0] tohum 10: acc=0.0122 tam=0 cakisma=0 rank=164 tasma(NaN)=1 (26s)
  [s0] tohum 10: acc=1.0000 tam=1 cakisma=0 rank=164 tasma(NaN)=0 (29s)
  [s0] tohum 10: acc=0.0122 tam=0 cakisma=0 rank=164 tasma(NaN)=1 (30s)
  [s0] tohum 10: acc=1.0000 tam=1 cakisma=0 rank=164 tasma(NaN)=0 (25s)
  [s0] tohum 10: acc=1.0000 tam=1 cakisma=0 rank=164 tasma(NaN)=0 (28s)
  [s0] tohum 10: acc=0.0122 tam=0 cakisma=0 rank=164 tasma(NaN)=1 (28s)
  [s0] tohum 10: acc=0.0122 tam=0 cakisma=0 rank=164 tasma(NaN)=1 (30s)
  [s0] tohum 11: acc=0.9939 tam=0 cakisma=2 rank=163 tasma(NaN)=0 (24s)
  [s0] tohum 11: acc=0.0122 tam=0 cakisma=0 rank=164 tasma(NaN)=1 (25s)
  [s0] tohum 11: acc=1.0000 tam=1 cakisma=0 rank=164 tasma(NaN)=0 (25s)
  [s0] tohum 11: acc=0.0122 tam=0 cakisma=0 rank=164 tasma(NaN)=1 (29s)
  [s0] tohum 11: acc=1.0000 tam=1 cakisma=0 rank=162 tasma(NaN)=0 (32s)
  [s0] tohum 11: acc=1.0000 tam=1 cakisma=0 rank=164 tasma(NaN)=0 (27s)
  [s0] tohum 11: acc=0.0122 tam=0 cakisma=0 rank=164 tasma(NaN)=1 (28s)
  [s0] tohum 11: acc=0.0122 tam=0 cakisma=0 rank=164 tasma(NaN)=1 (27s)
  [s0] tohum 12: acc=1.0000 tam=1 cakisma=0 rank=161 tasma(NaN)=0 (27s)
  [s0] tohum 12: acc=0.0122 tam=0 cakisma=0 rank=163 tasma(NaN)=1 (27s)
  [s0] tohum 12: acc=1.0000 tam=1 cakisma=0 rank=161 tasma(NaN)=0 (28s)
  [s0] tohum 12: acc=0.0122 tam=0 cakisma=0 rank=163 tasma(NaN)=1 (29s)
  [s0] tohum 12: acc=0.9939 tam=0 cakisma=2 rank=163 tasma(NaN)=0 (25s)
  [s0] tohum 12: acc=1.0000 tam=1 cakisma=0 rank=160 tasma(NaN)=0 (27s)
  [s0] tohum 12: acc=0.0122 tam=0 cakisma=0 rank=163 tasma(NaN)=1 (29s)
  [s0] tohum 12: acc=0.0122 tam=0 cakisma=0 rank=164 tasma(NaN)=1 (30s)
  [s0] tohum 13: acc=1.0000 tam=1 cakisma=0 rank=164 tasma(NaN)=0 (24s)
  [s0] tohum 13: acc=0.0122 tam=0 cakisma=0 rank=163 tasma(NaN)=1 (28s)
  [s0] tohum 13: acc=1.0000 tam=1 cakisma=0 rank=164 tasma(NaN)=0 (26s)
  [s0] tohum 13: acc=1.0000 tam=1 cakisma=0 rank=164 tasma(NaN)=0 (27s)
  [s0] tohum 13: acc=0.0122 tam=0 cakisma=0 rank=164 tasma(NaN)=1 (29s)
  [s0] tohum 13: acc=1.0000 tam=1 cakisma=0 rank=164 tasma(NaN)=0 (28s)
  [s0] tohum 13: acc=0.0122 tam=0 cakisma=0 rank=164 tasma(NaN)=1 (26s)
  [s0] tohum 13: acc=0.0122 tam=0 cakisma=0 rank=164 tasma(NaN)=1 (28s)
  [s0] tohum 14: acc=1.0000 tam=1 cakisma=0 rank=162 tasma(NaN)=0 (27s)
  [s0] tohum 14: acc=0.0122 tam=0 cakisma=0 rank=164 tasma(NaN)=1 (27s)
  [s0] tohum 14: acc=1.0000 tam=1 cakisma=0 rank=164 tasma(NaN)=0 (29s)
  [s0] tohum 14: acc=1.0000 tam=1 cakisma=0 rank=164 tasma(NaN)=0 (26s)
  [s0] tohum 14: acc=0.0122 tam=0 cakisma=0 rank=164 tasma(NaN)=1 (27s)
  [s0] tohum 14: acc=1.0000 tam=1 cakisma=0 rank=164 tasma(NaN)=0 (31s)
  [s0] tohum 14: acc=0.0122 tam=0 cakisma=0 rank=163 tasma(NaN)=1 (30s)
  [s0] tohum 15: acc=1.0000 tam=1 cakisma=0 rank=164 tasma(NaN)=0 (28s)
  [s0] tohum 14: acc=0.0122 tam=0 cakisma=0 rank=164 tasma(NaN)=1 (28s)
  [s0] tohum 15: acc=1.0000 tam=1 cakisma=0 rank=164 tasma(NaN)=0 (25s)
  [s0] tohum 15: acc=0.0122 tam=0 cakisma=0 rank=163 tasma(NaN)=1 (30s)
  [s0] tohum 15: acc=0.0122 tam=0 cakisma=0 rank=164 tasma(NaN)=1 (23s)
  [s0] tohum 15: acc=1.0000 tam=1 cakisma=0 rank=164 tasma(NaN)=0 (27s)
  [s0] tohum 15: acc=0.0122 tam=0 cakisma=0 rank=164 tasma(NaN)=1 (27s)
  [s0] tohum 15: acc=1.0000 tam=1 cakisma=0 rank=164 tasma(NaN)=0 (29s)
  [s0] tohum 16: acc=0.9939 tam=0 cakisma=2 rank=163 tasma(NaN)=0 (27s)
  [s0] tohum 15: acc=0.0122 tam=0 cakisma=0 rank=164 tasma(NaN)=1 (27s)
  [s0] tohum 16: acc=1.0000 tam=1 cakisma=0 rank=163 tasma(NaN)=0 (24s)
  [s0] tohum 16: acc=0.0122 tam=0 cakisma=2 rank=163 tasma(NaN)=1 (30s)
  [s0] tohum 16: acc=0.0122 tam=0 cakisma=2 rank=163 tasma(NaN)=1 (26s)
  [s0] tohum 16: acc=1.0000 tam=1 cakisma=0 rank=158 tasma(NaN)=0 (30s)
  [s0] tohum 17: acc=1.0000 tam=1 cakisma=0 rank=151 tasma(NaN)=0 (26s)
  [s0] tohum 16: acc=1.0000 tam=1 cakisma=0 rank=159 tasma(NaN)=0 (28s)
  [s0] tohum 16: acc=0.0122 tam=0 cakisma=0 rank=164 tasma(NaN)=1 (29s)
  [s0] tohum 16: acc=0.0122 tam=0 cakisma=0 rank=164 tasma(NaN)=1 (32s)
  [s0] tohum 17: acc=0.9878 tam=0 cakisma=0 rank=150 tasma(NaN)=0 (25s)
  [s0] tohum 17: acc=0.0122 tam=0 cakisma=2 rank=160 tasma(NaN)=1 (30s)
  [s0] tohum 17: acc=0.0122 tam=0 cakisma=0 rank=136 tasma(NaN)=1 (31s)
  [s0] tohum 17: acc=1.0000 tam=1 cakisma=0 rank=162 tasma(NaN)=0 (28s)
  [s0] tohum 18: acc=1.0000 tam=1 cakisma=0 rank=163 tasma(NaN)=0 (26s)
  [s0] tohum 17: acc=0.9695 tam=0 cakisma=0 rank=147 tasma(NaN)=0 (27s)
  [s0] tohum 17: acc=0.0122 tam=0 cakisma=0 rank=153 tasma(NaN)=1 (27s)
  [s0] tohum 18: acc=0.9939 tam=0 cakisma=2 rank=163 tasma(NaN)=0 (28s)
  [s0] tohum 17: acc=0.0122 tam=0 cakisma=0 rank=140 tasma(NaN)=1 (29s)
  [s0] tohum 18: acc=1.0000 tam=1 cakisma=0 rank=162 tasma(NaN)=0 (28s)
  [s0] tohum 18: acc=0.0122 tam=0 cakisma=0 rank=164 tasma(NaN)=1 (31s)
  [s0] tohum 18: acc=0.0122 tam=0 cakisma=0 rank=164 tasma(NaN)=1 (31s)
  [s0] tohum 19: acc=1.0000 tam=1 cakisma=0 rank=163 tasma(NaN)=0 (27s)
  [s0] tohum 19: acc=1.0000 tam=1 cakisma=0 rank=164 tasma(NaN)=0 (28s)
  [s0] tohum 18: acc=1.0000 tam=1 cakisma=0 rank=163 tasma(NaN)=0 (34s)
  [s0] tohum 18: acc=0.0122 tam=0 cakisma=0 rank=164 tasma(NaN)=1 (30s)
  [s0] tohum 18: acc=0.0122 tam=0 cakisma=0 rank=164 tasma(NaN)=1 (33s)
  [s0] tohum 19: acc=1.0000 tam=1 cakisma=0 rank=159 tasma(NaN)=0 (26s)
  [s0] tohum 19: acc=0.0122 tam=0 cakisma=0 rank=161 tasma(NaN)=1 (29s)
  [s0] tohum 20: acc=1.0000 tam=1 cakisma=0 rank=164 tasma(NaN)=0 (23s)
  [s0] tohum 19: acc=0.0122 tam=0 cakisma=0 rank=163 tasma(NaN)=1 (33s)
  [s0] tohum 19: acc=0.0122 tam=0 cakisma=0 rank=162 tasma(NaN)=1 (25s)
  [s0] tohum 20: acc=1.0000 tam=1 cakisma=0 rank=164 tasma(NaN)=0 (29s)
  [s0] tohum 19: acc=1.0000 tam=1 cakisma=0 rank=162 tasma(NaN)=0 (29s)
  [s0] tohum 19: acc=0.0122 tam=0 cakisma=0 rank=163 tasma(NaN)=1 (33s)
  [s0] tohum 20: acc=1.0000 tam=1 cakisma=0 rank=164 tasma(NaN)=0 (27s)
  [s0] tohum 21: acc=1.0000 tam=1 cakisma=0 rank=154 tasma(NaN)=0 (27s)
  [s0] tohum 20: acc=0.0122 tam=0 cakisma=0 rank=164 tasma(NaN)=1 (30s)
  [s0] tohum 20: acc=0.0122 tam=0 cakisma=0 rank=164 tasma(NaN)=1 (29s)
  [s0] tohum 21: acc=0.9878 tam=0 cakisma=0 rank=158 tasma(NaN)=0 (26s)
  [s0] tohum 20: acc=0.0122 tam=0 cakisma=0 rank=163 tasma(NaN)=1 (29s)
  [s0] tohum 20: acc=1.0000 tam=1 cakisma=0 rank=164 tasma(NaN)=0 (31s)
  [s0] tohum 20: acc=0.0122 tam=0 cakisma=0 rank=164 tasma(NaN)=1 (29s)
  [s0] tohum 22: acc=1.0000 tam=1 cakisma=0 rank=163 tasma(NaN)=0 (25s)
  [s0] tohum 21: acc=1.0000 tam=1 cakisma=0 rank=163 tasma(NaN)=0 (29s)
  [s0] tohum 21: acc=0.0122 tam=0 cakisma=0 rank=158 tasma(NaN)=1 (28s)
  [s0] tohum 21: acc=0.0122 tam=0 cakisma=0 rank=158 tasma(NaN)=1 (27s)
  [s0] tohum 22: acc=1.0000 tam=1 cakisma=0 rank=163 tasma(NaN)=0 (28s)
  [s0] tohum 21: acc=0.0122 tam=0 cakisma=0 rank=159 tasma(NaN)=1 (29s)
  [s0] tohum 21: acc=0.9939 tam=0 cakisma=0 rank=155 tasma(NaN)=0 (27s)
  [s0] tohum 21: acc=0.0122 tam=0 cakisma=0 rank=154 tasma(NaN)=1 (31s)
  [s0] tohum 23: acc=1.0000 tam=1 cakisma=0 rank=163 tasma(NaN)=0 (27s)
  [s0] tohum 22: acc=1.0000 tam=1 cakisma=0 rank=164 tasma(NaN)=0 (29s)
  [s0] tohum 22: acc=0.0122 tam=0 cakisma=0 rank=164 tasma(NaN)=1 (29s)
  [s0] tohum 22: acc=0.0122 tam=0 cakisma=0 rank=163 tasma(NaN)=1 (27s)
  [s0] tohum 23: acc=1.0000 tam=1 cakisma=0 rank=164 tasma(NaN)=0 (30s)
  [s0] tohum 22: acc=0.0122 tam=0 cakisma=0 rank=164 tasma(NaN)=1 (28s)
  [s0] tohum 22: acc=1.0000 tam=1 cakisma=0 rank=164 tasma(NaN)=0 (30s)
  [s0] tohum 23: acc=1.0000 tam=1 cakisma=0 rank=164 tasma(NaN)=0 (24s)
  [s0] tohum 22: acc=0.0122 tam=0 cakisma=0 rank=164 tasma(NaN)=1 (29s)
  [s0] tohum 24: acc=1.0000 tam=1 cakisma=0 rank=163 tasma(NaN)=0 (29s)
  [s0] tohum 23: acc=0.0122 tam=0 cakisma=0 rank=164 tasma(NaN)=1 (25s)
  [s0] tohum 23: acc=0.0122 tam=0 cakisma=0 rank=163 tasma(NaN)=1 (29s)
  [s0] tohum 23: acc=0.0122 tam=0 cakisma=0 rank=164 tasma(NaN)=1 (29s)
  [s0] tohum 24: acc=1.0000 tam=1 cakisma=0 rank=162 tasma(NaN)=0 (31s)
  [s0] tohum 23: acc=1.0000 tam=1 cakisma=0 rank=164 tasma(NaN)=0 (27s)
  [s0] tohum 24: acc=1.0000 tam=1 cakisma=0 rank=160 tasma(NaN)=0 (26s)
  [s0] tohum 25: acc=1.0000 tam=1 cakisma=0 rank=164 tasma(NaN)=0 (26s)
  [s0] tohum 24: acc=0.0122 tam=0 cakisma=2 rank=163 tasma(NaN)=1 (25s)
  [s0] tohum 23: acc=0.0122 tam=0 cakisma=0 rank=164 tasma(NaN)=1 (31s)
  [s0] tohum 24: acc=0.0122 tam=0 cakisma=0 rank=162 tasma(NaN)=1 (28s)
  [s0] tohum 24: acc=1.0000 tam=1 cakisma=0 rank=158 tasma(NaN)=0 (26s)
  [s0] tohum 25: acc=0.9939 tam=0 cakisma=2 rank=163 tasma(NaN)=0 (31s)
  [s0] tohum 24: acc=0.0122 tam=0 cakisma=0 rank=161 tasma(NaN)=1 (32s)
  [s0] tohum 25: acc=1.0000 tam=1 cakisma=0 rank=164 tasma(NaN)=0 (28s)
  [s0] tohum 26: acc=1.0000 tam=1 cakisma=0 rank=163 tasma(NaN)=0 (27s)
  [s0] tohum 25: acc=0.0122 tam=0 cakisma=0 rank=164 tasma(NaN)=1 (26s)
  [s0] tohum 24: acc=0.0122 tam=0 cakisma=0 rank=161 tasma(NaN)=1 (31s)
  [s0] tohum 25: acc=0.0122 tam=0 cakisma=0 rank=164 tasma(NaN)=1 (28s)
  [s0] tohum 25: acc=0.0122 tam=0 cakisma=0 rank=164 tasma(NaN)=1 (26s)
  [s0] tohum 26: acc=1.0000 tam=1 cakisma=0 rank=164 tasma(NaN)=0 (27s)
  [s0] tohum 26: acc=0.9878 tam=0 cakisma=4 rank=162 tasma(NaN)=0 (27s)
  [s0] tohum 26: acc=0.0122 tam=0 cakisma=0 rank=164 tasma(NaN)=1 (24s)
  [s0] tohum 25: acc=1.0000 tam=1 cakisma=0 rank=164 tasma(NaN)=0 (31s)
  [s0] tohum 27: acc=1.0000 tam=1 cakisma=0 rank=163 tasma(NaN)=0 (28s)
  [s0] tohum 25: acc=0.0122 tam=0 cakisma=0 rank=164 tasma(NaN)=1 (27s)
  [s0] tohum 26: acc=0.0122 tam=0 cakisma=0 rank=164 tasma(NaN)=1 (23s)
  [s0] tohum 27: acc=1.0000 tam=1 cakisma=0 rank=161 tasma(NaN)=0 (27s)
  [s0] tohum 26: acc=0.0122 tam=0 cakisma=0 rank=164 tasma(NaN)=1 (31s)
  [s0] tohum 26: acc=0.9939 tam=0 cakisma=2 rank=163 tasma(NaN)=0 (29s)
  [s0] tohum 27: acc=1.0000 tam=1 cakisma=0 rank=162 tasma(NaN)=0 (31s)
  [s0] tohum 28: acc=1.0000 tam=1 cakisma=0 rank=164 tasma(NaN)=0 (27s)
  [s0] tohum 27: acc=0.0122 tam=0 cakisma=0 rank=164 tasma(NaN)=1 (30s)
  [s0] tohum 27: acc=0.0122 tam=0 cakisma=0 rank=164 tasma(NaN)=1 (28s)
  [s0] tohum 26: acc=0.0122 tam=0 cakisma=0 rank=164 tasma(NaN)=1 (30s)
  [s0] tohum 28: acc=0.9939 tam=0 cakisma=2 rank=163 tasma(NaN)=0 (23s)
  [s0] tohum 28: acc=1.0000 tam=1 cakisma=0 rank=164 tasma(NaN)=0 (29s)
  [s0] tohum 29: acc=1.0000 tam=1 cakisma=0 rank=163 tasma(NaN)=0 (27s)
hucre 0 shard 1 bitti.
  [s0] tohum 27: acc=1.0000 tam=1 cakisma=0 rank=160 tasma(NaN)=0 (28s)
  [s0] tohum 27: acc=0.0122 tam=0 cakisma=0 rank=163 tasma(NaN)=1 (29s)
  [s0] tohum 28: acc=0.0122 tam=0 cakisma=0 rank=163 tasma(NaN)=1 (28s)
  [s0] tohum 28: acc=0.0122 tam=0 cakisma=0 rank=164 tasma(NaN)=1 (29s)
  [s0] tohum 27: acc=0.0122 tam=0 cakisma=0 rank=164 tasma(NaN)=1 (30s)
  [s0] tohum 29: acc=1.0000 tam=1 cakisma=0 rank=161 tasma(NaN)=0 (24s)
hucre 6 shard 1 bitti.
  [s0] tohum 28: acc=1.0000 tam=1 cakisma=0 rank=164 tasma(NaN)=0 (24s)
  [s0] tohum 28: acc=0.0122 tam=0 cakisma=0 rank=163 tasma(NaN)=1 (25s)
  [s0] tohum 29: acc=1.0000 tam=1 cakisma=0 rank=162 tasma(NaN)=0 (30s)
hucre 2 shard 1 bitti.
  [s0] tohum 29: acc=0.0122 tam=0 cakisma=0 rank=164 tasma(NaN)=1 (24s)
hucre 1 shard 1 bitti.
  [s0] tohum 29: acc=0.0122 tam=0 cakisma=0 rank=164 tasma(NaN)=1 (23s)
hucre 7 shard 1 bitti.
  [s0] tohum 28: acc=0.0122 tam=0 cakisma=0 rank=164 tasma(NaN)=1 (22s)
  [s0] tohum 29: acc=0.9939 tam=0 cakisma=2 rank=162 tasma(NaN)=0 (19s)
hucre 4 shard 1 bitti.
  [s0] tohum 29: acc=0.0122 tam=0 cakisma=0 rank=164 tasma(NaN)=1 (20s)
hucre 3 shard 1 bitti.
  [s0] tohum 29: acc=0.0122 tam=0 cakisma=0 rank=164 tasma(NaN)=1 (16s)
hucre 5 shard 1 bitti.
  sigma=2.0 topk=80  tam=28/30 ( 93.3%) GA95=[78.7,98.2] egitim=0.9996 cakisma(ort/top)=0.13/4 rank<164: 16/30 tasma(NaN)=0
  sigma=2.0 topk=120 tam= 0/30 (  0.0%) GA95=[-0.0,11.4] egitim=0.0122 cakisma(ort/top)=0.33/10 rank<164: 13/30 tasma(NaN)=30
  sigma=2.5 topk=80  tam=24/30 ( 80.0%) GA95=[62.7,90.5] egitim=0.9984 cakisma(ort/top)=0.27/8 rank<164: 14/30 tasma(NaN)=0
  sigma=2.5 topk=120 tam= 0/30 (  0.0%) GA95=[-0.0,11.4] egitim=0.0122 cakisma(ort/top)=0.07/2 rank<164: 11/30 tasma(NaN)=30
  sigma=3.0 topk=80  tam=22/30 ( 73.3%) GA95=[55.6,85.8] egitim=0.9974 cakisma(ort/top)=0.47/14 rank<164: 18/30 tasma(NaN)=0
  sigma=3.0 topk=120 tam= 0/30 (  0.0%) GA95=[-0.0,11.4] egitim=0.0122 cakisma(ort/top)=0.13/4 rank<164: 11/30 tasma(NaN)=30
  sigma=4.0 topk=80  tam=25/30 ( 83.3%) GA95=[66.4,92.7] egitim=0.9988 cakisma(ort/top)=0.40/12 rank<164: 19/30 tasma(NaN)=0
  sigma=4.0 topk=120 tam= 0/30 (  0.0%) GA95=[-0.0,11.4] egitim=0.0122 cakisma(ort/top)=0.20/6 rank<164: 15/30 tasma(NaN)=30
H4f.1 (top-k=80): sigma dizisi [0.933, 0.8, 0.733, 0.833] | monoton=False | sigma 3.0/4.0 < sigma 2.0 -> CURUTULDU
H4f.1 (top-k=120): sigma dizisi [0.0, 0.0, 0.0, 0.0] | monoton=True | sigma 3.0/4.0 < sigma 2.0 -> DESTEK
>=%95 saglayan hucre YOK -> bu izgarada ulasilamadi; kalibrasyon kapisi cozum olarak kalir.

=== SAGLAMA (determinizm): 4E kabul edilen 54 tohumdan 3'u = [15, 43, 71] ===
  tohum 15: 324 satir | BIREBIR AYNI = True (farkli hucre: 0) | tablo=1.0000
  tohum 43: 324 satir | BIREBIR AYNI = True (farkli hucre: 0) | tablo=1.0000
  tohum 71: 324 satir | BIREBIR AYNI = True (farkli hucre: 0) | tablo=1.0000
SAGLAMA SONUC: TAM AYNI (3/3)
