  A_gercek   N=4236  E=298441  rho_raw=634.990  (7-1 kontrolu)
  A_derece   N=4236  E=298441  rho_raw=115.799  (7-1 kontrolu)
  A_er       N=4236  E=310545  rho_raw=125.848  (7-1 kontrolu)
  A_w0       N=4236  E=0       rho_raw=0.000  (7-1 kontrolu)
ham+normalize kollar yazıldı: C:\Users\Administrator\Desktop\Genesis_Fly\flyputer\numcog\results_p7_2\arms_raw_cache.npz (4.7 MB)

=== ADIM 0: SPEKTRUM TANISI (ham W, normalizasyondan ÖNCE; ARPACK k=50) ===
  A_gercek   rho=634.99 max_real=275.1 yavas_mod(|l|/rho>=0.90)=1 | izole_hucre=0 GB_bilesen=239 en_buyuk_GB=3710/4236
  A_gercek   [en büyük GB, N=3710] rho=634.99 max_real=275.1 yavas_mod=1
  A_derece   rho=114.01 max_real=110.4 yavas_mod(|l|/rho>=0.90)=50 | izole_hucre=0 GB_bilesen=162 en_buyuk_GB=4075/4236
  A_derece   [en büyük GB, N=4075] rho=114.01 max_real=110.4 yavas_mod=50
  A_er       rho=125.85 max_real=125.8 yavas_mod(|l|/rho>=0.90)=1 | izole_hucre=0 GB_bilesen=2 en_buyuk_GB=4235/4236
  A_er       [en büyük GB, N=4235] rho=125.85 max_real=125.8 yavas_mod=1
  A_w0       rho=0.00 max_real=0.0 yavas_mod(|l|/rho>=0.90)=0 | izole_hucre=4236 GB_bilesen=4236 en_buyuk_GB=1/4236
  A_w0       [en büyük GB, N=1] rho=0.00 max_real=0.0 yavas_mod=0

  Aktivite yeniden üretimi (7-1 donmuş g=1.30, amp=0.5; dizi=540, k=10 H=0, tohum 0):
  A_gercek   aktif_oran=0.024 (7-1: 0.024 -> tutarlı=True) doygunluk=0.0000
  A_derece   aktif_oran=0.641 (7-1: 0.651 -> tutarlı=True) doygunluk=0.0042
  A_er       aktif_oran=0.930 (7-1: 0.931 -> tutarlı=True) doygunluk=0.0383
  A_w0       aktif_oran=0.024 (7-1: 0.024 -> tutarlı=True) doygunluk=0.0000

=== ADIM 1: KOL BAŞINA (g, amp) SEÇİMİ (pilot, 10 tohum, YALNIZCA doğrulama; test kullanılmaz) ===
  A_gercek   g=0.8   amp=0.5  k=6 H=10 doğrulama=0.4025
  A_gercek   g=0.8   amp=1.0  k=6 H=10 doğrulama=0.4017
  A_gercek   g=1.3   amp=0.5  k=6 H=10 doğrulama=0.4733
  A_gercek   g=1.3   amp=1.0  k=6 H=10 doğrulama=0.4708
  A_gercek   g=2.0   amp=0.5  k=6 H=10 doğrulama=0.5342
  A_gercek   g=2.0   amp=1.0  k=6 H=10 doğrulama=0.5800
  A_gercek   g=3.0   amp=0.5  k=6 H=10 doğrulama=0.7350
  A_gercek   g=3.0   amp=1.0  k=6 H=10 doğrulama=0.8133
  A_gercek   g=5.0   amp=0.5  k=6 H=10 doğrulama=0.7333
  A_gercek   g=5.0   amp=1.0  k=6 H=10 doğrulama=0.8558
  A_gercek   g=8.0   amp=0.5  k=6 H=10 doğrulama=0.8017
  A_gercek   g=8.0   amp=1.0  k=6 H=10 doğrulama=0.8742
  A_gercek   g=13.0  amp=0.5  k=6 H=10 doğrulama=0.7400
  A_gercek   g=13.0  amp=1.0  k=6 H=10 doğrulama=0.8783
  A_gercek   g=20.0  amp=0.5  k=6 H=10 doğrulama=0.8150
  A_gercek   g=20.0  amp=1.0  k=6 H=10 doğrulama=0.9167
  A_gercek   g=40.0  amp=0.5  k=6 H=10 doğrulama=0.9792
  A_gercek   g=40.0  amp=1.0  k=6 H=10 doğrulama=0.9892
  A_gercek   SEÇİLDİ: g=40.0 amp=1.0 (tie-break basamağı 1, IZGARA SINIRI)
  A_gercek   tanı (seçilen g'de): aktif_oran=0.690 doygunluk=0.2710
  A_derece   g=0.8   amp=0.5  k=6 H=10 doğrulama=0.6142
  A_derece   g=0.8   amp=1.0  k=6 H=10 doğrulama=0.6383
  A_derece   g=1.3   amp=0.5  k=6 H=10 doğrulama=0.8275
  A_derece   g=1.3   amp=1.0  k=6 H=10 doğrulama=0.9217
  A_derece   g=2.0   amp=0.5  k=6 H=10 doğrulama=0.8242
  A_derece   g=2.0   amp=1.0  k=6 H=10 doğrulama=0.9283
  A_derece   g=3.0   amp=0.5  k=6 H=10 doğrulama=0.9292
  A_derece   g=3.0   amp=1.0  k=6 H=10 doğrulama=0.9833
  A_derece   g=5.0   amp=0.5  k=6 H=10 doğrulama=0.9775
  A_derece   g=5.0   amp=1.0  k=6 H=10 doğrulama=0.9833
  A_derece   g=8.0   amp=0.5  k=6 H=10 doğrulama=1.0000
  A_derece   g=8.0   amp=1.0  k=6 H=10 doğrulama=1.0000
  A_derece   g=13.0  amp=0.5  k=6 H=10 doğrulama=1.0000
  A_derece   g=13.0  amp=1.0  k=6 H=10 doğrulama=1.0000
  A_derece   g=20.0  amp=0.5  k=6 H=10 doğrulama=1.0000
  A_derece   g=20.0  amp=1.0  k=6 H=10 doğrulama=1.0000
  A_derece   g=40.0  amp=0.5  k=6 H=10 doğrulama=1.0000
  A_derece   g=40.0  amp=1.0  k=6 H=10 doğrulama=1.0000
  A_derece   BASAMAK 1 EŞİTLİK: 8 aday [(8.0, 0.5), (8.0, 1.0), (13.0, 0.5), (13.0, 1.0), (20.0, 0.5), (20.0, 1.0), (40.0, 0.5), (40.0, 1.0)]
  A_derece   BASAMAK 2 EŞİTLİK: 8 aday
  A_derece   SEÇİLDİ: g=20.0 amp=1.0 (tie-break basamağı 3)
  A_derece   tanı (seçilen g'de): aktif_oran=0.976 doygunluk=0.6532
  A_er       g=0.8   amp=0.5  k=6 H=10 doğrulama=0.5400
  A_er       g=0.8   amp=1.0  k=6 H=10 doğrulama=0.5275
  A_er       g=1.3   amp=0.5  k=6 H=10 doğrulama=0.5800
  A_er       g=1.3   amp=1.0  k=6 H=10 doğrulama=0.5742
  A_er       g=2.0   amp=0.5  k=6 H=10 doğrulama=0.4158
  A_er       g=2.0   amp=1.0  k=6 H=10 doğrulama=0.4333
  A_er       g=3.0   amp=0.5  k=6 H=10 doğrulama=0.4658
  A_er       g=3.0   amp=1.0  k=6 H=10 doğrulama=0.4975
  A_er       g=5.0   amp=0.5  k=6 H=10 doğrulama=0.4783
  A_er       g=5.0   amp=1.0  k=6 H=10 doğrulama=0.5175
  A_er       g=8.0   amp=0.5  k=6 H=10 doğrulama=0.5650
  A_er       g=8.0   amp=1.0  k=6 H=10 doğrulama=0.6367
  A_er       g=13.0  amp=0.5  k=6 H=10 doğrulama=0.6158
  A_er       g=13.0  amp=1.0  k=6 H=10 doğrulama=0.7308
  A_er       g=20.0  amp=0.5  k=6 H=10 doğrulama=0.6900
  A_er       g=20.0  amp=1.0  k=6 H=10 doğrulama=0.7700
  A_er       g=40.0  amp=0.5  k=6 H=10 doğrulama=0.6408
  A_er       g=40.0  amp=1.0  k=6 H=10 doğrulama=0.7292
  A_er       SEÇİLDİ: g=20.0 amp=1.0 (tie-break basamağı 1)
  A_er       tanı (seçilen g'de): aktif_oran=1.000 doygunluk=0.9522
  A_w0       g=0.8   amp=0.5  k=6 H=10 doğrulama=0.3242
  A_w0       g=0.8   amp=1.0  k=6 H=10 doğrulama=0.3242
  A_w0       g=1.3   amp=0.5  k=6 H=10 doğrulama=0.3242
  A_w0       g=1.3   amp=1.0  k=6 H=10 doğrulama=0.3242
  A_w0       g=2.0   amp=0.5  k=6 H=10 doğrulama=0.3242
  A_w0       g=2.0   amp=1.0  k=6 H=10 doğrulama=0.3242
  A_w0       g=3.0   amp=0.5  k=6 H=10 doğrulama=0.3242
  A_w0       g=3.0   amp=1.0  k=6 H=10 doğrulama=0.3242
  A_w0       g=5.0   amp=0.5  k=6 H=10 doğrulama=0.3242
  A_w0       g=5.0   amp=1.0  k=6 H=10 doğrulama=0.3242
  A_w0       g=8.0   amp=0.5  k=6 H=10 doğrulama=0.3242
  A_w0       g=8.0   amp=1.0  k=6 H=10 doğrulama=0.3242
  A_w0       g=13.0  amp=0.5  k=6 H=10 doğrulama=0.3242
  A_w0       g=13.0  amp=1.0  k=6 H=10 doğrulama=0.3242
  A_w0       g=20.0  amp=0.5  k=6 H=10 doğrulama=0.3242
  A_w0       g=20.0  amp=1.0  k=6 H=10 doğrulama=0.3242
  A_w0       g=40.0  amp=0.5  k=6 H=10 doğrulama=0.3242
  A_w0       g=40.0  amp=1.0  k=6 H=10 doğrulama=0.3242
  A_w0       BASAMAK 1 EŞİTLİK: 18 aday [(0.8, 0.5), (0.8, 1.0), (1.3, 0.5), (1.3, 1.0), (2.0, 0.5), (2.0, 1.0), (3.0, 0.5), (3.0, 1.0), (5.0, 0.5), (5.0, 1.0), (8.0, 0.5), (8.0, 1.0), (13.0, 0.5), (13.0, 1.0), (20.0, 0.5), (20.0, 1.0), (40.0, 0.5), (40.0, 1.0)]
  A_w0       BASAMAK 2 EŞİTLİK: 18 aday
  A_w0       BASAMAK 3 EŞİTLİK: 18 aday -> basamak 4 (en yüksek g)
  A_w0       SEÇİLDİ: g=40.0 amp=0.5 (tie-break basamağı 4, IZGARA SINIRI)
  A_w0       tanı (seçilen g'de): aktif_oran=0.024 doygunluk=0.0000
  donmuş konfigürasyon -> frozen_config.csv (TIE_TOL=1e-09)
  A_gercek   seed00 (g=40.0 amp=1.0) -> A_gercek_seed00.csv (50s, toplam 1 dk)
  A_gercek   seed01 (g=40.0 amp=1.0) -> A_gercek_seed01.csv (50s, toplam 2 dk)
  A_gercek   seed02 (g=40.0 amp=1.0) -> A_gercek_seed02.csv (51s, toplam 3 dk)
  A_gercek   seed03 (g=40.0 amp=1.0) -> A_gercek_seed03.csv (50s, toplam 3 dk)
  A_gercek   seed04 (g=40.0 amp=1.0) -> A_gercek_seed04.csv (35s, toplam 4 dk)
  A_gercek   seed05 (g=40.0 amp=1.0) -> A_gercek_seed05.csv (50s, toplam 5 dk)
  A_gercek   seed06 (g=40.0 amp=1.0) -> A_gercek_seed06.csv (37s, toplam 5 dk)
  A_gercek   seed07 (g=40.0 amp=1.0) -> A_gercek_seed07.csv (49s, toplam 6 dk)
  A_gercek   seed08 (g=40.0 amp=1.0) -> A_gercek_seed08.csv (49s, toplam 7 dk)
  A_gercek   seed09 (g=40.0 amp=1.0) -> A_gercek_seed09.csv (49s, toplam 8 dk)
  A_gercek   seed10 (g=40.0 amp=1.0) -> A_gercek_seed10.csv (49s, toplam 9 dk)
  A_gercek   seed11 (g=40.0 amp=1.0) -> A_gercek_seed11.csv (49s, toplam 9 dk)
  A_gercek   seed12 (g=40.0 amp=1.0) -> A_gercek_seed12.csv (58s, toplam 10 dk)
  A_gercek   seed13 (g=40.0 amp=1.0) -> A_gercek_seed13.csv (41s, toplam 11 dk)
  A_gercek   seed14 (g=40.0 amp=1.0) -> A_gercek_seed14.csv (50s, toplam 12 dk)
  A_gercek   seed15 (g=40.0 amp=1.0) -> A_gercek_seed15.csv (50s, toplam 13 dk)
  A_gercek   seed16 (g=40.0 amp=1.0) -> A_gercek_seed16.csv (45s, toplam 14 dk)
  A_gercek   seed17 (g=40.0 amp=1.0) -> A_gercek_seed17.csv (45s, toplam 14 dk)
  A_gercek   seed18 (g=40.0 amp=1.0) -> A_gercek_seed18.csv (48s, toplam 15 dk)
  A_gercek   seed19 (g=40.0 amp=1.0) -> A_gercek_seed19.csv (46s, toplam 16 dk)
  A_derece   seed00 (g=20.0 amp=1.0) -> A_derece_seed00.csv (43s, toplam 17 dk)
  A_derece   seed01 (g=20.0 amp=1.0) -> A_derece_seed01.csv (46s, toplam 17 dk)
  A_derece   seed02 (g=20.0 amp=1.0) -> A_derece_seed02.csv (42s, toplam 18 dk)
  A_derece   seed03 (g=20.0 amp=1.0) -> A_derece_seed03.csv (43s, toplam 19 dk)
  A_derece   seed04 (g=20.0 amp=1.0) -> A_derece_seed04.csv (42s, toplam 19 dk)
  A_derece   seed05 (g=20.0 amp=1.0) -> A_derece_seed05.csv (45s, toplam 20 dk)
  A_derece   seed06 (g=20.0 amp=1.0) -> A_derece_seed06.csv (45s, toplam 21 dk)
  A_derece   seed07 (g=20.0 amp=1.0) -> A_derece_seed07.csv (36s, toplam 22 dk)
  A_derece   seed08 (g=20.0 amp=1.0) -> A_derece_seed08.csv (47s, toplam 22 dk)
  A_derece   seed09 (g=20.0 amp=1.0) -> A_derece_seed09.csv (46s, toplam 23 dk)
  A_derece   seed10 (g=20.0 amp=1.0) -> A_derece_seed10.csv (43s, toplam 24 dk)
  A_derece   seed11 (g=20.0 amp=1.0) -> A_derece_seed11.csv (43s, toplam 25 dk)
  A_derece   seed12 (g=20.0 amp=1.0) -> A_derece_seed12.csv (47s, toplam 25 dk)
  A_derece   seed13 (g=20.0 amp=1.0) -> A_derece_seed13.csv (41s, toplam 26 dk)
  A_derece   seed14 (g=20.0 amp=1.0) -> A_derece_seed14.csv (43s, toplam 27 dk)
  A_derece   seed15 (g=20.0 amp=1.0) -> A_derece_seed15.csv (42s, toplam 27 dk)
  A_derece   seed16 (g=20.0 amp=1.0) -> A_derece_seed16.csv (36s, toplam 28 dk)
  A_derece   seed17 (g=20.0 amp=1.0) -> A_derece_seed17.csv (30s, toplam 29 dk)
  A_derece   seed18 (g=20.0 amp=1.0) -> A_derece_seed18.csv (52s, toplam 29 dk)
  A_derece   seed19 (g=20.0 amp=1.0) -> A_derece_seed19.csv (53s, toplam 30 dk)
  A_er       seed00 (g=20.0 amp=1.0) -> A_er_seed00.csv (52s, toplam 31 dk)
  A_er       seed01 (g=20.0 amp=1.0) -> A_er_seed01.csv (46s, toplam 32 dk)
  A_er       seed02 (g=20.0 amp=1.0) -> A_er_seed02.csv (46s, toplam 33 dk)
  A_er       seed03 (g=20.0 amp=1.0) -> A_er_seed03.csv (46s, toplam 33 dk)
  A_er       seed04 (g=20.0 amp=1.0) -> A_er_seed04.csv (46s, toplam 34 dk)
  A_er       seed05 (g=20.0 amp=1.0) -> A_er_seed05.csv (45s, toplam 35 dk)
  A_er       seed06 (g=20.0 amp=1.0) -> A_er_seed06.csv (52s, toplam 36 dk)
  A_er       seed07 (g=20.0 amp=1.0) -> A_er_seed07.csv (46s, toplam 37 dk)
  A_er       seed08 (g=20.0 amp=1.0) -> A_er_seed08.csv (46s, toplam 37 dk)
  A_er       seed09 (g=20.0 amp=1.0) -> A_er_seed09.csv (45s, toplam 38 dk)
  A_er       seed10 (g=20.0 amp=1.0) -> A_er_seed10.csv (45s, toplam 39 dk)
  A_er       seed11 (g=20.0 amp=1.0) -> A_er_seed11.csv (44s, toplam 40 dk)
  A_er       seed12 (g=20.0 amp=1.0) -> A_er_seed12.csv (46s, toplam 40 dk)
  A_er       seed13 (g=20.0 amp=1.0) -> A_er_seed13.csv (49s, toplam 41 dk)
  A_er       seed14 (g=20.0 amp=1.0) -> A_er_seed14.csv (46s, toplam 42 dk)
  A_er       seed15 (g=20.0 amp=1.0) -> A_er_seed15.csv (45s, toplam 43 dk)
  A_er       seed16 (g=20.0 amp=1.0) -> A_er_seed16.csv (46s, toplam 43 dk)
  A_er       seed17 (g=20.0 amp=1.0) -> A_er_seed17.csv (46s, toplam 44 dk)
  A_er       seed18 (g=20.0 amp=1.0) -> A_er_seed18.csv (45s, toplam 45 dk)
  A_er       seed19 (g=20.0 amp=1.0) -> A_er_seed19.csv (49s, toplam 46 dk)
  A_w0       seed00 (g=40.0 amp=0.5) -> A_w0_seed00.csv (20s, toplam 46 dk)
  A_w0       seed01 (g=40.0 amp=0.5) -> A_w0_seed01.csv (21s, toplam 46 dk)
  A_w0       seed02 (g=40.0 amp=0.5) -> A_w0_seed02.csv (20s, toplam 47 dk)
  A_w0       seed03 (g=40.0 amp=0.5) -> A_w0_seed03.csv (21s, toplam 47 dk)
  A_w0       seed04 (g=40.0 amp=0.5) -> A_w0_seed04.csv (21s, toplam 48 dk)
  A_w0       seed05 (g=40.0 amp=0.5) -> A_w0_seed05.csv (21s, toplam 48 dk)
  A_w0       seed06 (g=40.0 amp=0.5) -> A_w0_seed06.csv (22s, toplam 48 dk)
  A_w0       seed07 (g=40.0 amp=0.5) -> A_w0_seed07.csv (21s, toplam 49 dk)
  A_w0       seed08 (g=40.0 amp=0.5) -> A_w0_seed08.csv (21s, toplam 49 dk)
  A_w0       seed09 (g=40.0 amp=0.5) -> A_w0_seed09.csv (21s, toplam 49 dk)
  A_w0       seed10 (g=40.0 amp=0.5) -> A_w0_seed10.csv (21s, toplam 50 dk)
  A_w0       seed11 (g=40.0 amp=0.5) -> A_w0_seed11.csv (19s, toplam 50 dk)
  A_w0       seed12 (g=40.0 amp=0.5) -> A_w0_seed12.csv (19s, toplam 50 dk)
  A_w0       seed13 (g=40.0 amp=0.5) -> A_w0_seed13.csv (24s, toplam 51 dk)
  A_w0       seed14 (g=40.0 amp=0.5) -> A_w0_seed14.csv (22s, toplam 51 dk)
  A_w0       seed15 (g=40.0 amp=0.5) -> A_w0_seed15.csv (21s, toplam 51 dk)
  A_w0       seed16 (g=40.0 amp=0.5) -> A_w0_seed16.csv (20s, toplam 52 dk)
  A_w0       seed17 (g=40.0 amp=0.5) -> A_w0_seed17.csv (17s, toplam 52 dk)
  A_w0       seed18 (g=40.0 amp=0.5) -> A_w0_seed18.csv (16s, toplam 52 dk)
  A_w0       seed19 (g=40.0 amp=0.5) -> A_w0_seed19.csv (16s, toplam 53 dk)
runall bitti (53 dk)

=== DONMUŞ KONFİGÜRASYON (Adım 1) ===
  A_gercek   g=40.0  amp=1.0  tie-break basamağı=1  ızgara_sınırı=True  val_acc=0.9892  aktif_oran=0.690  doygunluk=0.2710
  A_derece   g=20.0  amp=1.0  tie-break basamağı=3  ızgara_sınırı=False  val_acc=1.0000  aktif_oran=0.976  doygunluk=0.6532
  A_er       g=20.0  amp=1.0  tie-break basamağı=1  ızgara_sınırı=False  val_acc=0.7700  aktif_oran=1.000  doygunluk=0.9522
  A_w0       g=40.0  amp=0.5  tie-break basamağı=4  ızgara_sınırı=True  val_acc=0.3242  aktif_oran=0.024  doygunluk=0.0000

=== T1 DOĞRULUK-k EĞRİLERİ (ort ± %95 GA) — tabanlar: k=2→0,49 k=4→0,37 k=6→0,31 k=8→0,27 k=10→0,25 ('en sık sınıf') ===
  A_derece   H=10 k2 : 1.000+-0.000 | k4 : 1.000+-0.000 | k6 : 0.999+-0.002 | k8 : 0.680+-0.020 | k10: 0.210+-0.022
  A_derece   H=20 k2 : 1.000+-0.000 | k4 : 1.000+-0.000 | k6 : 0.999+-0.002 | k8 : 0.698+-0.021 | k10: 0.195+-0.021
  A_er       H=10 k2 : 1.000+-0.000 | k4 : 0.910+-0.048 | k6 : 0.741+-0.067 | k8 : 0.517+-0.037 | k10: 0.259+-0.014
  A_er       H=20 k2 : 1.000+-0.000 | k4 : 0.960+-0.031 | k6 : 0.864+-0.060 | k8 : 0.570+-0.050 | k10: 0.243+-0.013
  A_gercek   H=10 k2 : 1.000+-0.000 | k4 : 1.000+-0.000 | k6 : 0.990+-0.008 | k8 : 0.710+-0.017 | k10: 0.227+-0.019
  A_gercek   H=20 k2 : 1.000+-0.000 | k4 : 1.000+-0.000 | k6 : 0.996+-0.006 | k8 : 0.711+-0.018 | k10: 0.215+-0.022
  A_w0       H=10 k2 : 0.558+-0.051 | k4 : 0.384+-0.016 | k6 : 0.294+-0.016 | k8 : 0.267+-0.014 | k10: 0.226+-0.019
  A_w0       H=20 k2 : 0.574+-0.050 | k4 : 0.374+-0.019 | k6 : 0.308+-0.018 | k8 : 0.266+-0.021 | k10: 0.232+-0.016

=== BAŞARI ÖLÇÜTLERİ (7-1 ile AYNI; gevşetilmedi) ===
  k=10 H=0 : A_gercek 0.255+-0.023 | A_w0 0.235+-0.021 | GA ayrik=False -> GEÇMEDİ
  k=10 H=10: A_gercek 0.227+-0.019 | A_w0 0.226+-0.019 | GA ayrik=False -> GEÇMEDİ
  k=10 H=20: A_gercek 0.215+-0.022 | A_w0 0.232+-0.016 | GA ayrik=False -> GEÇMEDİ
  k=10 H=10: A_gercek 0.227+-0.019 vs A_derece  0.210+-0.022 -> A_gercek GA ayrık ÜSTÜN=False
  k=10 H=10: A_gercek 0.227+-0.019 vs A_er      0.259+-0.014 -> A_gercek GA ayrık ÜSTÜN=False

=== BELLEK UZUNLUĞU (ilk <0,90) ===
  A_derece   bellek_uzunlugu=(6, 0) | k=2 H=10: 1.000 | k=4 H=10: 1.000
  A_er       bellek_uzunlugu=(4, 0) | k=2 H=10: 1.000 | k=4 H=10: 0.910
  A_gercek   bellek_uzunlugu=(6, 0) | k=2 H=10: 1.000 | k=4 H=10: 1.000
  A_w0       bellek_uzunlugu=(2, 0) | k=2 H=10: 0.558 | k=4 H=10: 0.384

=== HİPOTEZLER ===

=== DONMUŞ KONFİGÜRASYON (Adım 1) ===
  A_gercek   g=40.0  amp=1.0  tie-break basamağı=1  ızgara_sınırı=True  val_acc=0.9892  aktif_oran=0.690  doygunluk=0.2710
  A_derece   g=20.0  amp=1.0  tie-break basamağı=3  ızgara_sınırı=False  val_acc=1.0000  aktif_oran=0.976  doygunluk=0.6532
  A_er       g=20.0  amp=1.0  tie-break basamağı=1  ızgara_sınırı=False  val_acc=0.7700  aktif_oran=1.000  doygunluk=0.9522
  A_w0       g=40.0  amp=0.5  tie-break basamağı=4  ızgara_sınırı=True  val_acc=0.3242  aktif_oran=0.024  doygunluk=0.0000

=== T1 DOĞRULUK-k EĞRİLERİ (ort ± %95 GA) — tabanlar: k=2→0,49 k=4→0,37 k=6→0,31 k=8→0,27 k=10→0,25 ('en sık sınıf') ===
  A_derece   H=10 k2 : 1.000+-0.000 | k4 : 1.000+-0.000 | k6 : 0.999+-0.002 | k8 : 0.680+-0.020 | k10: 0.210+-0.022
  A_derece   H=20 k2 : 1.000+-0.000 | k4 : 1.000+-0.000 | k6 : 0.999+-0.002 | k8 : 0.698+-0.021 | k10: 0.195+-0.021
  A_er       H=10 k2 : 1.000+-0.000 | k4 : 0.910+-0.048 | k6 : 0.741+-0.067 | k8 : 0.517+-0.037 | k10: 0.259+-0.014
  A_er       H=20 k2 : 1.000+-0.000 | k4 : 0.960+-0.031 | k6 : 0.864+-0.060 | k8 : 0.570+-0.050 | k10: 0.243+-0.013
  A_gercek   H=10 k2 : 1.000+-0.000 | k4 : 1.000+-0.000 | k6 : 0.990+-0.008 | k8 : 0.710+-0.017 | k10: 0.227+-0.019
  A_gercek   H=20 k2 : 1.000+-0.000 | k4 : 1.000+-0.000 | k6 : 0.996+-0.006 | k8 : 0.711+-0.018 | k10: 0.215+-0.022
  A_w0       H=10 k2 : 0.558+-0.051 | k4 : 0.384+-0.016 | k6 : 0.294+-0.016 | k8 : 0.267+-0.014 | k10: 0.226+-0.019
  A_w0       H=20 k2 : 0.574+-0.050 | k4 : 0.374+-0.019 | k6 : 0.308+-0.018 | k8 : 0.266+-0.021 | k10: 0.232+-0.016

=== BAŞARI ÖLÇÜTLERİ (7-1 ile AYNI; gevşetilmedi) ===
  k=10 H=0 : A_gercek 0.255+-0.023 | A_w0 0.235+-0.021 | GA ayrik=False -> GEÇMEDİ
  k=10 H=10: A_gercek 0.227+-0.019 | A_w0 0.226+-0.019 | GA ayrik=False -> GEÇMEDİ
  k=10 H=20: A_gercek 0.215+-0.022 | A_w0 0.232+-0.016 | GA ayrik=False -> GEÇMEDİ
  k=10 H=10: A_gercek 0.227+-0.019 vs A_derece  0.210+-0.022 -> A_gercek GA ayrık ÜSTÜN=False
  k=10 H=10: A_gercek 0.227+-0.019 vs A_er      0.259+-0.014 -> A_gercek GA ayrık ÜSTÜN=False

=== BELLEK UZUNLUĞU (ilk <0,90) ===
  A_derece   bellek_uzunlugu=(6, 0) | k=2 H=10: 1.000 | k=4 H=10: 1.000
  A_er       bellek_uzunlugu=(4, 0) | k=2 H=10: 1.000 | k=4 H=10: 0.910
  A_gercek   bellek_uzunlugu=(6, 0) | k=2 H=10: 1.000 | k=4 H=10: 1.000
  A_w0       bellek_uzunlugu=(2, 0) | k=2 H=10: 0.558 | k=4 H=10: 0.384

=== HİPOTEZLER ===
  H7.7: A_gercek seçilen g=40.0 (>1,3 mü: True) | seçilen g'de aktif_oran=0.690 (<%10 mu: False) -> DESTEK
  A_gercek vs A_er (k10,H10)     fark=-0.0317 p_ham=0.0145 p_holm=0.0436 -> AYRIŞIR
  A_gercek vs A_derece (k10,H10) fark=+0.0167 p_ham=0.1691 p_holm=0.3383 -> ayrışamaz
  A_gercek vs A_w0 (k10,H10)     fark=+0.0013 p_ham=0.9205 p_holm=0.9205 -> ayrışamaz
  H7.8: (A_gercek - A_derece) 7-1'de ≈ -0.156; şimdi +0.017 | fark küçüldü mü: True | yön hâlâ A_gercek ≤ A_derece: False
  H7.9: k=10 H=10 A_gercek=0.227 (≥0,90 mı: False) -> DESTEK

  H7.10 (TANI, yön YOK): yavaş mod sayısı (ham W) ↔ bellek uzunluğu
    A_gercek   yavas_mod=1 rho_raw=635.0 max_real=275.1 | bellek_uzunlugu=(6, 0)
    A_derece   yavas_mod=50 rho_raw=114.0 max_real=110.4 | bellek_uzunlugu=(6, 0)
    A_er       yavas_mod=1 rho_raw=125.8 max_real=125.8 | bellek_uzunlugu=(4, 0)
    A_w0       yavas_mod=0 rho_raw=0.0 max_real=0.0 | bellek_uzunlugu=(2, 0)
    Spearman (n=4): rho=+0.83 p=0.167 -> ilişki gösterilemedi

=== T2 (Jaeger MC, gecikme 1..40) ===
  A_gercek   MC=2.12 +- 0.21 (sd 0.47) [üst sınır 40]
  A_w0       MC=0.35 +- 0.03 (sd 0.06) [üst sınır 40]
