  pilot A_gercek  g=0.50 amp=0.5 val=0.2775
  pilot A_gercek  g=0.50 amp=1.0 val=0.2792
  pilot A_gercek  g=0.80 amp=0.5 val=0.2858
  pilot A_gercek  g=0.80 amp=1.0 val=0.2842
  pilot A_gercek  g=0.95 amp=0.5 val=0.2892
  pilot A_gercek  g=0.95 amp=1.0 val=0.2892
  pilot A_gercek  g=1.10 amp=0.5 val=0.2883
  pilot A_gercek  g=1.10 amp=1.0 val=0.2892
  pilot A_gercek  g=1.30 amp=0.5 val=0.2925
  pilot A_gercek  g=1.30 amp=1.0 val=0.2925
  pilot A_w0      g=0.50 amp=0.5 val=0.2633
  pilot A_w0      g=0.50 amp=1.0 val=0.2633
  pilot A_w0      g=0.80 amp=0.5 val=0.2633
  pilot A_w0      g=0.80 amp=1.0 val=0.2633
  pilot A_w0      g=0.95 amp=0.5 val=0.2633
  pilot A_w0      g=0.95 amp=1.0 val=0.2633
  pilot A_w0      g=1.10 amp=0.5 val=0.2633
  pilot A_w0      g=1.10 amp=1.0 val=0.2633
  pilot A_w0      g=1.30 amp=0.5 val=0.2633
  pilot A_w0      g=1.30 amp=1.0 val=0.2633
  DONDU: g=1.30 amp=0.5 (validasyon; TEST kullanilmadi)
  A_gercek       seed00 -> A_gercek_seed00.csv (81s, toplam 1 dk)
  A_gercek       seed01 -> A_gercek_seed01.csv (72s, toplam 3 dk)
  A_gercek       seed02 -> A_gercek_seed02.csv (70s, toplam 4 dk)
  A_gercek       seed03 -> A_gercek_seed03.csv (69s, toplam 5 dk)
  A_gercek       seed04 -> A_gercek_seed04.csv (73s, toplam 6 dk)
  A_gercek       seed05 -> A_gercek_seed05.csv (74s, toplam 7 dk)
  A_gercek       seed06 -> A_gercek_seed06.csv (69s, toplam 8 dk)
  A_gercek       seed07 -> A_gercek_seed07.csv (70s, toplam 10 dk)
  A_gercek       seed08 -> A_gercek_seed08.csv (71s, toplam 11 dk)
  A_gercek       seed09 -> A_gercek_seed09.csv (95s, toplam 12 dk)
  A_gercek       seed10 -> A_gercek_seed10.csv (77s, toplam 14 dk)
  A_gercek       seed11 -> A_gercek_seed11.csv (83s, toplam 15 dk)
  A_gercek       seed12 -> A_gercek_seed12.csv (77s, toplam 16 dk)
  A_gercek       seed13 -> A_gercek_seed13.csv (76s, toplam 18 dk)

=== T1 OZET (ort +- sd, %%95 GA) — k=10 satirlari ===
  A_gercek       H0 : 0.239+-0.023 | H10: 0.235+-0.020 | H20: 0.252+-0.026 | H40: 0.247+-0.018

=== BASARI OLCUTLERI (T1) ===
  bellek uzunlugu (ilk <0.90): (4, 0)

=== T3 EKSTRAPOLASYON (hedef |s|>6; skaler regresyon-yuvarlama) ===
  hedef s=7 : kesin 0.000 | tol(+/-1) 0.000 | n_oge=14
  hedef s=8 : kesin 0.000 | tol(+/-1) 0.000 | n_oge=14
  hedef s=9 : kesin 0.000 | tol(+/-1) 0.000 | n_oge=14
  hedef s=10: kesin 0.000 | tol(+/-1) 0.000 | n_oge=14
  ORTALAMA: kesin 0.000 | tol 0.000 | toplam oge=56 | sans=0.25 -> sans duzeyi
  gorulmemis baslangic durumu (s=8): kesin 0.000 | tol 0.000

=== T2 (Jaeger MC, gecikme 1..60) ===
  A_gercek       MC=10.85 +- 0.31 (sd 0.59)

=== T4 (yanki-durum; d_end -> 0 yakinsama; g taramasi) ===
  A_gercek       d_end ort=0.0000 (min 0.0000, max 0.0000)

=== TANILAR (k=10, H=0) ===
  A_gercek       doygun=0.0000 aktivite=0.0033 aktif_oran=0.024 katilim_orani=1.0
  H7.4 (H=0 ) k boyunca degerler [1.    0.771 0.433 0.321 0.239] -> monoton_azalan=True
  H7.4 (H=10) k boyunca degerler [1.    0.773 0.477 0.323 0.235] -> monoton_azalan=True
  H7.4 (H=20) k boyunca degerler [1.    0.762 0.411 0.311 0.252] -> monoton_azalan=True
  H7.4 (H=40) k boyunca degerler [0.999 0.646 0.355 0.264 0.247] -> monoton_azalan=True
  H7.4 (k=2 ) H boyunca degerler [1.    1.    1.    0.999] -> monoton_azalan=True
  H7.4 (k=4 ) H boyunca degerler [0.771 0.773 0.762 0.646] -> monoton_azalan=False
  H7.4 (k=6 ) H boyunca degerler [0.433 0.477 0.411 0.355] -> monoton_azalan=False
  H7.4 (k=8 ) H boyunca degerler [0.321 0.323 0.311 0.264] -> monoton_azalan=False
  H7.4 (k=10) H boyunca degerler [0.239 0.235 0.252 0.247] -> monoton_azalan=False
  A_gercek       seed14 -> A_gercek_seed14.csv (96s, toplam 19 dk)
  A_gercek       seed15 -> A_gercek_seed15.csv (68s, toplam 20 dk)
  A_gercek       seed16 -> A_gercek_seed16.csv (69s, toplam 22 dk)
  A_gercek       seed17 -> A_gercek_seed17.csv (70s, toplam 23 dk)
  A_gercek       seed18 -> A_gercek_seed18.csv (68s, toplam 24 dk)
  A_gercek       seed19 -> A_gercek_seed19.csv (76s, toplam 25 dk)
  A_gercek       seed20 -> A_gercek_seed20.csv (68s, toplam 26 dk)
  A_gercek       seed21 -> A_gercek_seed21.csv (68s, toplam 27 dk)
  A_gercek       seed22 -> A_gercek_seed22.csv (78s, toplam 29 dk)
  A_gercek       seed23 -> A_gercek_seed23.csv (76s, toplam 30 dk)
  A_gercek       seed24 -> A_gercek_seed24.csv (79s, toplam 31 dk)
  A_gercek       seed25 -> A_gercek_seed25.csv (79s, toplam 33 dk)
  A_gercek       seed26 -> A_gercek_seed26.csv (79s, toplam 34 dk)
  A_gercek       seed27 -> A_gercek_seed27.csv (87s, toplam 35 dk)
  A_gercek       seed28 -> A_gercek_seed28.csv (82s, toplam 37 dk)
  A_gercek       seed29 -> A_gercek_seed29.csv (77s, toplam 38 dk)
  A_w0           seed00 -> A_w0_seed00.csv (32s, toplam 38 dk)
  A_w0           seed01 -> A_w0_seed01.csv (32s, toplam 39 dk)
  A_w0           seed02 -> A_w0_seed02.csv (32s, toplam 40 dk)
  A_w0           seed03 -> A_w0_seed03.csv (32s, toplam 40 dk)
  A_w0           seed04 -> A_w0_seed04.csv (37s, toplam 41 dk)

=== T1 OZET (ort +- sd, %%95 GA) — k=10 satirlari ===
  A_gercek       H0 : 0.249+-0.015 | H10: 0.252+-0.013 | H20: 0.257+-0.016 | H40: 0.246+-0.013
  A_w0           H0 : 0.240+-0.031 | H10: 0.210+-0.008 | H20: 0.225+-0.017 | H40: 0.228+-0.014

=== BASARI OLCUTLERI (T1) ===

=== T1 OZET (ort +- sd, %%95 GA) — k=10 satirlari ===
  A_gercek       H0 : 0.249+-0.015 | H10: 0.252+-0.013 | H20: 0.257+-0.016 | H40: 0.246+-0.013
  A_w0           H0 : 0.240+-0.031 | H10: 0.210+-0.008 | H20: 0.225+-0.017 | H40: 0.228+-0.014

=== BASARI OLCUTLERI (T1) ===
  k=10 H=0 : A_gercek 0.249+-0.015 | W=0 0.240+-0.031 | GA ayrik=False -> GECMEDI
  k=10 H=10: A_gercek 0.252+-0.013 | W=0 0.210+-0.008 | GA ayrik=True -> GECMEDI
  k=10 H=20: A_gercek 0.257+-0.016 | W=0 0.225+-0.017 | GA ayrik=False -> GECMEDI
  k=10 H=40: A_gercek 0.246+-0.013 | W=0 0.228+-0.014 | GA ayrik=False -> GECMEDI
  bellek uzunlugu (ilk <0.90): (4, 0)

=== T3 EKSTRAPOLASYON (hedef |s|>6; skaler regresyon-yuvarlama) ===
  hedef s=7 : kesin 0.000 | tol(+/-1) 0.000 | oge=1750 (35 tohum x 50 dizi)
  hedef s=8 : kesin 0.000 | tol(+/-1) 0.000 | oge=1750 (35 tohum x 50 dizi)
  hedef s=9 : kesin 0.000 | tol(+/-1) 0.000 | oge=1750 (35 tohum x 50 dizi)
  hedef s=10: kesin 0.000 | tol(+/-1) 0.000 | oge=1750 (35 tohum x 50 dizi)
  ORTALAMA: kesin 0.000 | tol 0.000 | toplam oge=7000 | sans=0.25 -> sans duzeyi
  gorulmemis baslangic durumu (s=8): kesin 0.000 | tol 0.000

=== T2 (Jaeger MC, gecikme 1..60) ===
  A_gercek       MC=10.85 +- 0.21 (sd 0.58)
  A_w0           MC=0.41 +- 0.08 (sd 0.09)

=== T4 (yanki-durum; d_end -> 0 yakinsama; g taramasi) ===
  A_gercek       d_end ort=0.0000 (min 0.0000, max 0.0000)
  A_w0           d_end ort=0.0000 (min 0.0000, max 0.0000)

=== TANILAR (k=10, H=0) ===
  A_gercek       doygun=0.0000 aktivite=0.0033 aktif_oran=0.024 katilim_orani=1.0
  A_w0           doygun=0.0000 aktivite=0.0028 aktif_oran=0.024 katilim_orani=1.0
  A_w0           seed05 -> A_w0_seed05.csv (56s, toplam 42 dk)

=== T1 OZET (ort +- sd, %%95 GA) — k=10 satirlari ===
  A_gercek       H0 : 0.249+-0.015 | H10: 0.252+-0.013 | H20: 0.257+-0.016 | H40: 0.246+-0.013
  A_w0           H0 : 0.240+-0.025 | H10: 0.215+-0.012 | H20: 0.228+-0.015 | H40: 0.236+-0.019

=== BASARI OLCUTLERI (T1) ===
  k=10 H=0 : A_gercek 0.249+-0.015 | W=0 0.240+-0.025 | GA ayrik=False -> GECMEDI
  k=10 H=10: A_gercek 0.252+-0.013 | W=0 0.215+-0.012 | GA ayrik=True -> GECMEDI
  k=10 H=20: A_gercek 0.257+-0.016 | W=0 0.228+-0.015 | GA ayrik=False -> GECMEDI
  k=10 H=40: A_gercek 0.246+-0.013 | W=0 0.236+-0.019 | GA ayrik=False -> GECMEDI
  bellek uzunlugu (ilk <0.90): (4, 0)

=== T3 EKSTRAPOLASYON (hedef |s|>6; skaler regresyon-yuvarlama) ===
  hedef s=7 : kesin 0.000 | tol(+/-1) 0.000 | oge=1800 (36 tohum x 50 dizi)
  hedef s=8 : kesin 0.000 | tol(+/-1) 0.000 | oge=1800 (36 tohum x 50 dizi)
  hedef s=9 : kesin 0.000 | tol(+/-1) 0.000 | oge=1800 (36 tohum x 50 dizi)
  hedef s=10: kesin 0.000 | tol(+/-1) 0.000 | oge=1800 (36 tohum x 50 dizi)
  ORTALAMA: kesin 0.000 | tol 0.000 | toplam oge=7200 | sans=0.25 -> sans duzeyi
  gorulmemis baslangic durumu (s=8): kesin 0.000 | tol 0.000

=== T2 (Jaeger MC, gecikme 1..60) ===
  A_gercek       MC=10.85 +- 0.21 (sd 0.58)
  A_w0           MC=0.42 +- 0.07 (sd 0.08)

=== T4 (yanki-durum; d_end -> 0 yakinsama; g taramasi) ===
  A_gercek       d_end ort=0.0000 (min 0.0000, max 0.0000)
  A_w0           d_end ort=0.0000 (min 0.0000, max 0.0000)

=== TANILAR (k=10, H=0) ===
  A_gercek       doygun=0.0000 aktivite=0.0033 aktif_oran=0.024 katilim_orani=1.0
  A_w0           doygun=0.0000 aktivite=0.0028 aktif_oran=0.024 katilim_orani=1.0

=== HIPOTEZLER (eslesmis t-testi; Holm m=1) ===
  A_gercek vs A_w0 (k10,H10)       fark=+0.0181 p_ham=0.3601 p_holm=0.3601 -> ayrisamaz
  H7.4 (H=0 ) k boyunca degerler [1.    0.764 0.433 0.321 0.249] -> monoton_azalan=True
  H7.4 (H=10) k boyunca degerler [1.    0.78  0.478 0.327 0.252] -> monoton_azalan=True
  H7.4 (H=20) k boyunca degerler [1.    0.765 0.409 0.306 0.257] -> monoton_azalan=True
  H7.4 (H=40) k boyunca degerler [0.999 0.625 0.362 0.282 0.246] -> monoton_azalan=True
  H7.4 (k=2 ) H boyunca degerler [1.    1.    1.    0.999] -> monoton_azalan=True
  H7.4 (k=4 ) H boyunca degerler [0.764 0.78  0.765 0.625] -> monoton_azalan=False
  H7.4 (k=6 ) H boyunca degerler [0.433 0.478 0.409 0.362] -> monoton_azalan=False
  H7.4 (k=8 ) H boyunca degerler [0.321 0.327 0.306 0.282] -> monoton_azalan=False
  H7.4 (k=10) H boyunca degerler [0.249 0.252 0.257 0.246] -> monoton_azalan=False
  A_w0           seed06 -> A_w0_seed06.csv (51s, toplam 42 dk)
  A_w0           seed07 -> A_w0_seed07.csv (39s, toplam 43 dk)
  A_w0           seed08 -> A_w0_seed08.csv (38s, toplam 44 dk)
  A_w0           seed09 -> A_w0_seed09.csv (36s, toplam 44 dk)
  A_w0           seed10 -> A_w0_seed10.csv (23s, toplam 45 dk)
  A_w0           seed11 -> A_w0_seed11.csv (23s, toplam 45 dk)
  A_w0           seed12 -> A_w0_seed12.csv (23s, toplam 45 dk)
  A_w0           seed13 -> A_w0_seed13.csv (23s, toplam 46 dk)
  A_w0           seed14 -> A_w0_seed14.csv (23s, toplam 46 dk)
  A_w0           seed15 -> A_w0_seed15.csv (23s, toplam 47 dk)
  A_w0           seed16 -> A_w0_seed16.csv (23s, toplam 47 dk)
  A_w0           seed17 -> A_w0_seed17.csv (23s, toplam 47 dk)
  A_w0           seed18 -> A_w0_seed18.csv (23s, toplam 48 dk)
  A_w0           seed19 -> A_w0_seed19.csv (23s, toplam 48 dk)
  A_w0           seed20 -> A_w0_seed20.csv (23s, toplam 49 dk)
  A_w0           seed21 -> A_w0_seed21.csv (35s, toplam 49 dk)
  A_w0           seed22 -> A_w0_seed22.csv (26s, toplam 50 dk)
  A_w0           seed23 -> A_w0_seed23.csv (23s, toplam 50 dk)
  A_w0           seed24 -> A_w0_seed24.csv (23s, toplam 50 dk)
  A_w0           seed25 -> A_w0_seed25.csv (23s, toplam 51 dk)
  A_w0           seed26 -> A_w0_seed26.csv (23s, toplam 51 dk)
  A_w0           seed27 -> A_w0_seed27.csv (23s, toplam 51 dk)
  A_w0           seed28 -> A_w0_seed28.csv (25s, toplam 52 dk)
  A_w0           seed29 -> A_w0_seed29.csv (23s, toplam 52 dk)
  A_derece       seed00 -> A_derece_seed00.csv (50s, toplam 53 dk)
  A_derece       seed01 -> A_derece_seed01.csv (55s, toplam 54 dk)
  A_derece       seed02 -> A_derece_seed02.csv (52s, toplam 55 dk)
  A_derece       seed03 -> A_derece_seed03.csv (49s, toplam 56 dk)
  A_derece       seed04 -> A_derece_seed04.csv (49s, toplam 57 dk)
  A_derece       seed05 -> A_derece_seed05.csv (48s, toplam 57 dk)
  A_derece       seed06 -> A_derece_seed06.csv (49s, toplam 58 dk)
  A_derece       seed07 -> A_derece_seed07.csv (55s, toplam 59 dk)
  A_derece       seed08 -> A_derece_seed08.csv (50s, toplam 60 dk)
  A_derece       seed09 -> A_derece_seed09.csv (52s, toplam 61 dk)
  A_derece       seed10 -> A_derece_seed10.csv (51s, toplam 62 dk)
  A_derece       seed11 -> A_derece_seed11.csv (49s, toplam 62 dk)
  A_derece       seed12 -> A_derece_seed12.csv (57s, toplam 63 dk)
  A_derece       seed13 -> A_derece_seed13.csv (50s, toplam 64 dk)
  A_derece       seed14 -> A_derece_seed14.csv (49s, toplam 65 dk)
  A_agirlik      seed00 -> A_agirlik_seed00.csv (49s, toplam 66 dk)
  A_agirlik      seed01 -> A_agirlik_seed01.csv (48s, toplam 67 dk)
  A_agirlik      seed02 -> A_agirlik_seed02.csv (51s, toplam 67 dk)
  A_agirlik      seed03 -> A_agirlik_seed03.csv (51s, toplam 68 dk)
  A_agirlik      seed04 -> A_agirlik_seed04.csv (50s, toplam 69 dk)
  A_agirlik      seed05 -> A_agirlik_seed05.csv (49s, toplam 70 dk)
  A_agirlik      seed06 -> A_agirlik_seed06.csv (49s, toplam 71 dk)
  A_agirlik      seed07 -> A_agirlik_seed07.csv (49s, toplam 72 dk)
  A_agirlik      seed08 -> A_agirlik_seed08.csv (49s, toplam 72 dk)
  A_agirlik      seed09 -> A_agirlik_seed09.csv (55s, toplam 73 dk)
  A_agirlik      seed10 -> A_agirlik_seed10.csv (50s, toplam 74 dk)
  A_agirlik      seed11 -> A_agirlik_seed11.csv (49s, toplam 75 dk)
  A_agirlik      seed12 -> A_agirlik_seed12.csv (57s, toplam 76 dk)
  A_agirlik      seed13 -> A_agirlik_seed13.csv (69s, toplam 77 dk)
  A_agirlik      seed14 -> A_agirlik_seed14.csv (85s, toplam 79 dk)
  A_er           seed00 -> A_er_seed00.csv (84s, toplam 80 dk)
  A_er           seed01 -> A_er_seed01.csv (94s, toplam 81 dk)
  A_er           seed02 -> A_er_seed02.csv (72s, toplam 83 dk)
  A_er           seed03 -> A_er_seed03.csv (74s, toplam 84 dk)
  A_er           seed04 -> A_er_seed04.csv (69s, toplam 85 dk)
  A_er           seed05 -> A_er_seed05.csv (71s, toplam 86 dk)
  A_er           seed06 -> A_er_seed06.csv (71s, toplam 87 dk)
  A_er           seed07 -> A_er_seed07.csv (67s, toplam 89 dk)
  A_er           seed08 -> A_er_seed08.csv (68s, toplam 90 dk)
  A_er           seed09 -> A_er_seed09.csv (67s, toplam 91 dk)
  A_er           seed10 -> A_er_seed10.csv (75s, toplam 92 dk)
  A_er           seed11 -> A_er_seed11.csv (70s, toplam 93 dk)
  A_er           seed12 -> A_er_seed12.csv (73s, toplam 94 dk)
  A_er           seed13 -> A_er_seed13.csv (67s, toplam 96 dk)
  A_er           seed14 -> A_er_seed14.csv (71s, toplam 97 dk)
  A_isaretperm   seed00 -> A_isaretperm_seed00.csv (65s, toplam 98 dk)
  A_isaretperm   seed01 -> A_isaretperm_seed01.csv (63s, toplam 99 dk)
  A_isaretperm   seed02 -> A_isaretperm_seed02.csv (63s, toplam 100 dk)
  A_isaretperm   seed03 -> A_isaretperm_seed03.csv (65s, toplam 101 dk)
  A_isaretperm   seed04 -> A_isaretperm_seed04.csv (68s, toplam 102 dk)
  A_isaretperm   seed05 -> A_isaretperm_seed05.csv (62s, toplam 103 dk)
  A_isaretperm   seed06 -> A_isaretperm_seed06.csv (66s, toplam 104 dk)
  A_isaretperm   seed07 -> A_isaretperm_seed07.csv (65s, toplam 105 dk)
  A_isaretperm   seed08 -> A_isaretperm_seed08.csv (68s, toplam 106 dk)
  A_isaretperm   seed09 -> A_isaretperm_seed09.csv (65s, toplam 108 dk)
  A_isaretperm   seed10 -> A_isaretperm_seed10.csv (66s, toplam 109 dk)
  A_isaretperm   seed11 -> A_isaretperm_seed11.csv (65s, toplam 110 dk)
  A_isaretperm   seed12 -> A_isaretperm_seed12.csv (67s, toplam 111 dk)
  A_isaretperm   seed13 -> A_isaretperm_seed13.csv (64s, toplam 112 dk)
  A_isaretperm   seed14 -> A_isaretperm_seed14.csv (61s, toplam 113 dk)
  A_dengeli      seed00 -> A_dengeli_seed00.csv (64s, toplam 114 dk)
  A_dengeli      seed01 -> A_dengeli_seed01.csv (63s, toplam 115 dk)
  A_dengeli      seed02 -> A_dengeli_seed02.csv (63s, toplam 116 dk)
  A_dengeli      seed03 -> A_dengeli_seed03.csv (64s, toplam 117 dk)
  A_dengeli      seed04 -> A_dengeli_seed04.csv (63s, toplam 118 dk)
  A_dengeli      seed05 -> A_dengeli_seed05.csv (62s, toplam 119 dk)
  A_dengeli      seed06 -> A_dengeli_seed06.csv (62s, toplam 120 dk)
  A_dengeli      seed07 -> A_dengeli_seed07.csv (65s, toplam 121 dk)
  A_dengeli      seed08 -> A_dengeli_seed08.csv (63s, toplam 122 dk)
  A_dengeli      seed09 -> A_dengeli_seed09.csv (63s, toplam 123 dk)
  A_dengeli      seed10 -> A_dengeli_seed10.csv (62s, toplam 124 dk)
  A_dengeli      seed11 -> A_dengeli_seed11.csv (62s, toplam 126 dk)
  A_dengeli      seed12 -> A_dengeli_seed12.csv (64s, toplam 127 dk)
  A_dengeli      seed13 -> A_dengeli_seed13.csv (63s, toplam 128 dk)
  A_dengeli      seed14 -> A_dengeli_seed14.csv (62s, toplam 129 dk)
  B_gercek       seed00 -> B_gercek_seed00.csv (116s, toplam 131 dk)
  B_gercek       seed01 -> B_gercek_seed01.csv (118s, toplam 133 dk)
  B_gercek       seed02 -> B_gercek_seed02.csv (114s, toplam 134 dk)
  B_gercek       seed03 -> B_gercek_seed03.csv (117s, toplam 136 dk)
  B_gercek       seed04 -> B_gercek_seed04.csv (113s, toplam 138 dk)
  B_gercek       seed05 -> B_gercek_seed05.csv (87s, toplam 140 dk)
  B_gercek       seed06 -> B_gercek_seed06.csv (84s, toplam 141 dk)
  B_gercek       seed07 -> B_gercek_seed07.csv (88s, toplam 143 dk)
  B_gercek       seed08 -> B_gercek_seed08.csv (87s, toplam 144 dk)
  B_gercek       seed09 -> B_gercek_seed09.csv (88s, toplam 146 dk)
  B_derece       seed00 -> B_derece_seed00.csv (87s, toplam 147 dk)
  B_derece       seed01 -> B_derece_seed01.csv (83s, toplam 148 dk)
  B_derece       seed02 -> B_derece_seed02.csv (86s, toplam 150 dk)
  B_derece       seed03 -> B_derece_seed03.csv (94s, toplam 151 dk)
  B_derece       seed04 -> B_derece_seed04.csv (89s, toplam 153 dk)
  B_derece       seed05 -> B_derece_seed05.csv (85s, toplam 154 dk)
  B_derece       seed06 -> B_derece_seed06.csv (84s, toplam 156 dk)
  B_derece       seed07 -> B_derece_seed07.csv (87s, toplam 157 dk)
  B_derece       seed08 -> B_derece_seed08.csv (84s, toplam 159 dk)
  B_derece       seed09 -> B_derece_seed09.csv (87s, toplam 160 dk)
  B_dengeli      seed00 -> B_dengeli_seed00.csv (89s, toplam 161 dk)
  B_dengeli      seed01 -> B_dengeli_seed01.csv (84s, toplam 163 dk)
  B_dengeli      seed02 -> B_dengeli_seed02.csv (84s, toplam 164 dk)
  B_dengeli      seed03 -> B_dengeli_seed03.csv (85s, toplam 166 dk)
  B_dengeli      seed04 -> B_dengeli_seed04.csv (85s, toplam 167 dk)
  B_dengeli      seed05 -> B_dengeli_seed05.csv (86s, toplam 169 dk)
  B_dengeli      seed06 -> B_dengeli_seed06.csv (85s, toplam 170 dk)
  B_dengeli      seed07 -> B_dengeli_seed07.csv (90s, toplam 171 dk)
  B_dengeli      seed08 -> B_dengeli_seed08.csv (87s, toplam 173 dk)
  B_dengeli      seed09 -> B_dengeli_seed09.csv (85s, toplam 174 dk)
runall bitti (174 dk)

=== T1 OZET (ort +- sd, %%95 GA) — k=10 satirlari ===
  A_agirlik      H0 : 0.437+-0.026 | H10: 0.392+-0.034 | H20: 0.355+-0.035 | H40: 0.313+-0.023
  A_dengeli      H0 : 0.343+-0.023 | H10: 0.337+-0.021 | H20: 0.322+-0.028 | H40: 0.299+-0.025
  A_derece       H0 : 0.382+-0.025 | H10: 0.408+-0.027 | H20: 0.409+-0.029 | H40: 0.407+-0.033
  A_er           H0 : 0.337+-0.023 | H10: 0.263+-0.016 | H20: 0.229+-0.015 | H40: 0.223+-0.020
  A_gercek       H0 : 0.249+-0.015 | H10: 0.252+-0.013 | H20: 0.257+-0.016 | H40: 0.246+-0.013
  A_isaretperm   H0 : 0.464+-0.045 | H10: 0.449+-0.050 | H20: 0.439+-0.058 | H40: 0.359+-0.056
  A_w0           H0 : 0.230+-0.013 | H10: 0.227+-0.014 | H20: 0.233+-0.013 | H40: 0.240+-0.013
  B_dengeli      H0 : 0.235+-0.030 | H10: 0.248+-0.025 | H20: 0.237+-0.020 | H40: 0.223+-0.019
  B_derece       H0 : 0.309+-0.038 | H10: 0.280+-0.033 | H20: 0.266+-0.046 | H40: 0.242+-0.022
  B_gercek       H0 : 0.240+-0.025 | H10: 0.222+-0.026 | H20: 0.237+-0.023 | H40: 0.229+-0.025

=== BASARI OLCUTLERI (T1) ===
  k=10 H=0 : A_gercek 0.249+-0.015 | W=0 0.230+-0.013 | GA ayrik=False -> GECMEDI
  k=10 H=10: A_gercek 0.252+-0.013 | W=0 0.227+-0.014 | GA ayrik=False -> GECMEDI
  k=10 H=20: A_gercek 0.257+-0.016 | W=0 0.233+-0.013 | GA ayrik=False -> GECMEDI
  k=10 H=40: A_gercek 0.246+-0.013 | W=0 0.240+-0.013 | GA ayrik=False -> GECMEDI
  k=10 H=10: A_derece   0.408+-0.027 | A_gercekten ayrik=True
  k=10 H=10: A_agirlik  0.392+-0.034 | A_gercekten ayrik=True
  k=10 H=10: A_er       0.263+-0.016 | A_gercekten ayrik=False
  bellek uzunlugu (ilk <0.90): (4, 0)

=== T3 EKSTRAPOLASYON (hedef |s|>6; skaler regresyon-yuvarlama) ===
  hedef s=7 : kesin 0.081 | tol(+/-1) 0.124 | oge=8250 (165 tohum x 50 dizi)
  hedef s=8 : kesin 0.295 | tol(+/-1) 0.403 | oge=8250 (165 tohum x 50 dizi)
  hedef s=9 : kesin 0.070 | tol(+/-1) 0.121 | oge=8250 (165 tohum x 50 dizi)
  hedef s=10: kesin 0.261 | tol(+/-1) 0.376 | oge=8250 (165 tohum x 50 dizi)
  ORTALAMA: kesin 0.177 | tol 0.256 | toplam oge=33000 | sans=0.25 -> sans duzeyi
  gorulmemis baslangic durumu (s=8): kesin 0.015 | tol 0.043

=== T2 (Jaeger MC, gecikme 1..60) ===
  A_gercek       MC=10.85 +- 0.21 (sd 0.58)
  A_w0           MC=0.39 +- 0.02 (sd 0.07)
  B_gercek       MC=7.11 +- 0.57 (sd 0.92)

=== T4 (yanki-durum; d_end -> 0 yakinsama; g taramasi) ===
  A_gercek       d_end ort=0.0000 (min 0.0000, max 0.0000)
  A_w0           d_end ort=0.0000 (min 0.0000, max 0.0000)
  B_gercek       d_end ort=0.0000 (min 0.0000, max 0.0000)

=== TANILAR (k=10, H=0) ===
  A_agirlik      doygun=0.0000 aktivite=0.0228 aktif_oran=0.080 katilim_orani=1.1
  A_dengeli      doygun=0.0000 aktivite=0.0052 aktif_oran=0.025 katilim_orani=1.1
  A_derece       doygun=0.0029 aktivite=0.1644 aktif_oran=0.651 katilim_orani=1.8
  A_er           doygun=0.0379 aktivite=0.4997 aktif_oran=0.931 katilim_orani=1.1
  A_gercek       doygun=0.0000 aktivite=0.0033 aktif_oran=0.024 katilim_orani=1.0
  A_isaretperm   doygun=0.0002 aktivite=0.0410 aktif_oran=0.127 katilim_orani=1.0
  A_w0           doygun=0.0000 aktivite=0.0028 aktif_oran=0.024 katilim_orani=1.0
  B_dengeli      doygun=0.0000 aktivite=0.0024 aktif_oran=0.018 katilim_orani=1.0
  B_derece       doygun=0.0029 aktivite=0.1845 aktif_oran=0.818 katilim_orani=1.0
  B_gercek       doygun=0.0000 aktivite=0.0026 aktif_oran=0.018 katilim_orani=1.0

=== HIPOTEZLER (eslesmis t-testi; Holm m=6) ===
  A_gercek vs A_derece (k10,H10)   fark=-0.1717 p_ham=0.0000 p_holm=0.0000 -> AYRISIR
  A_gercek vs A_agirlik (k10,H10)  fark=-0.1561 p_ham=0.0000 p_holm=0.0000 -> AYRISIR
  A_gercek vs A_dengeli (k10,H10)  fark=-0.1011 p_ham=0.0000 p_holm=0.0000 -> AYRISIR
  A_gercek vs A_isaretperm (k10,H10) fark=-0.2128 p_ham=0.0000 p_holm=0.0000 -> AYRISIR
  A_gercek vs A_w0 (k10,H10)       fark=+0.0253 p_ham=0.0017 p_holm=0.0034 -> AYRISIR
  A_gercek vs A_er (k10,H10)       fark=-0.0267 p_ham=0.0120 p_holm=0.0120 -> AYRISIR
  H7.4 (H=0 ) k boyunca degerler [1.    0.764 0.433 0.321 0.249] -> monoton_azalan=True
  H7.4 (H=10) k boyunca degerler [1.    0.78  0.478 0.327 0.252] -> monoton_azalan=True
  H7.4 (H=20) k boyunca degerler [1.    0.765 0.409 0.306 0.257] -> monoton_azalan=True
  H7.4 (H=40) k boyunca degerler [0.999 0.625 0.362 0.282 0.246] -> monoton_azalan=True
  H7.4 (k=2 ) H boyunca degerler [1.    1.    1.    0.999] -> monoton_azalan=True
  H7.4 (k=4 ) H boyunca degerler [0.764 0.78  0.765 0.625] -> monoton_azalan=False
  H7.4 (k=6 ) H boyunca degerler [0.433 0.478 0.409 0.362] -> monoton_azalan=False
  H7.4 (k=8 ) H boyunca degerler [0.321 0.327 0.306 0.282] -> monoton_azalan=False
  H7.4 (k=10) H boyunca degerler [0.249 0.252 0.257 0.246] -> monoton_azalan=False
  H7.6 (yon yok): A_gercek ort=0.252 | B_MB ort=0.222 | fark=+0.029 p=0.0682 (n_A=30, n_B=10)
